The system is: Linux - 6.8.0-138-generic - x86_64
Compiling the C compiler identification source file "CMakeCCompilerId.c" succeeded.
Compiler: /home/ytr/.local/bin/cc 
Build flags: 
Id flags:  

The output was:
0


Compilation of the C compiler identification source "CMakeCCompilerId.c" produced "a.out"

The C compiler identification is GNU, found in "/home/ytr/dev_ws/build_3d/robocon2027_gazebo/CMakeFiles/3.22.1/CompilerIdC/a.out"

Compiling the CXX compiler identification source file "CMakeCXXCompilerId.cpp" succeeded.
Compiler: /home/ytr/.local/bin/g++ 
Build flags: 
Id flags:  

The output was:
0


Compilation of the CXX compiler identification source "CMakeCXXCompilerId.cpp" produced "a.out"

The CXX compiler identification is GNU, found in "/home/ytr/dev_ws/build_3d/robocon2027_gazebo/CMakeFiles/3.22.1/CompilerIdCXX/a.out"

Detecting C compiler ABI info compiled with the following output:
Change Dir: /home/ytr/dev_ws/build_3d/robocon2027_gazebo/CMakeFiles/CMakeTmp

Run Build Command(s):/usr/bin/gmake -f Makefile cmTC_43519/fast && /usr/bin/gmake  -f CMakeFiles/cmTC_43519.dir/build.make CMakeFiles/cmTC_43519.dir/build
gmake[1]: Entering directory '/home/ytr/dev_ws/build_3d/robocon2027_gazebo/CMakeFiles/CMakeTmp'
Building C object CMakeFiles/cmTC_43519.dir/CMakeCCompilerABI.c.o
/home/ytr/.local/bin/cc   -v -o CMakeFiles/cmTC_43519.dir/CMakeCCompilerABI.c.o -c /usr/share/cmake-3.22/Modules/CMakeCCompilerABI.c
Using built-in specs.
COLLECT_GCC=/home/ytr/.local/bin/cc
OFFLOAD_TARGET_NAMES=nvptx-none:amdgcn-amdhsa
OFFLOAD_TARGET_DEFAULT=1
Target: x86_64-linux-gnu
Configured with: ../src/configure -v --with-pkgversion='Ubuntu 12.3.0-1ubuntu1~22.04.3' --with-bugurl=file:///usr/share/doc/gcc-12/README.Bugs --enable-languages=c,ada,c++,go,d,fortran,objc,obj-c++,m2 --prefix=/usr --with-gcc-major-version-only --program-suffix=-12 --program-prefix=x86_64-linux-gnu- --enable-shared --enable-linker-build-id --libexecdir=/usr/lib --without-included-gettext --enable-threads=posix --libdir=/usr/lib --enable-nls --enable-clocale=gnu --enable-libstdcxx-debug --enable-libstdcxx-time=yes --with-default-libstdcxx-abi=new --enable-gnu-unique-object --disable-vtable-verify --enable-plugin --enable-default-pie --with-system-zlib --enable-libphobos-checking=release --with-target-system-zlib=auto --enable-objc-gc=auto --enable-multiarch --disable-werror --enable-cet --with-arch-32=i686 --with-abi=m64 --with-multilib-list=m32,m64,mx32 --enable-multilib --with-tune=generic --enable-offload-targets=nvptx-none=/build/gcc-12-YswQCa/gcc-12-12.3.0/debian/tmp-nvptx/usr,amdgcn-amdhsa=/build/gcc-12-YswQCa/gcc-12-12.3.0/debian/tmp-gcn/usr --enable-offload-defaulted --without-cuda-driver --enable-checking=release --build=x86_64-linux-gnu --host=x86_64-linux-gnu --target=x86_64-linux-gnu
Thread model: posix
Supported LTO compression algorithms: zlib zstd
gcc version 12.3.0 (Ubuntu 12.3.0-1ubuntu1~22.04.3) 
COLLECT_GCC_OPTIONS='-v' '-o' 'CMakeFiles/cmTC_43519.dir/CMakeCCompilerABI.c.o' '-c' '-mtune=generic' '-march=x86-64' '-dumpdir' 'CMakeFiles/cmTC_43519.dir/'
 /home/ytr/.local/usr/bin/../lib/gcc/x86_64-linux-gnu/12/cc1 -quiet -v -imultiarch x86_64-linux-gnu -iprefix /home/ytr/.local/usr/bin/../lib/gcc/x86_64-linux-gnu/12/ /usr/share/cmake-3.22/Modules/CMakeCCompilerABI.c -quiet -dumpdir CMakeFiles/cmTC_43519.dir/ -dumpbase CMakeCCompilerABI.c.c -dumpbase-ext .c -mtune=generic -march=x86-64 -version -fasynchronous-unwind-tables -fstack-protector-strong -Wformat -Wformat-security -fstack-clash-protection -fcf-protection -o /tmp/ccs5YMpp.s
GNU C17 (Ubuntu 12.3.0-1ubuntu1~22.04.3) version 12.3.0 (x86_64-linux-gnu)
	compiled by GNU C version 12.3.0, GMP version 6.2.1, MPFR version 4.1.0, MPC version 1.2.1, isl version isl-0.24-GMP

GGC heuristics: --param ggc-min-expand=100 --param ggc-min-heapsize=131072
ignoring nonexistent directory "/home/ytr/.local/usr/bin/../lib/gcc/x86_64-linux-gnu/12/include-fixed"
ignoring nonexistent directory "/home/ytr/.local/usr/bin/../lib/gcc/x86_64-linux-gnu/12/../../../../x86_64-linux-gnu/include"
ignoring duplicate directory "/home/ytr/.local/usr/lib/gcc/x86_64-linux-gnu/12/include"
ignoring nonexistent directory "/usr/local/include/x86_64-linux-gnu"
ignoring nonexistent directory "/home/ytr/.local/usr/bin/../lib/gcc/../../lib/gcc/x86_64-linux-gnu/12/include-fixed"
ignoring nonexistent directory "/home/ytr/.local/usr/bin/../lib/gcc/../../lib/gcc/x86_64-linux-gnu/12/../../../../x86_64-linux-gnu/include"
#include "..." search starts here:
#include <...> search starts here:
 /home/ytr/.local/usr/lib/gcc/x86_64-linux-gnu/12/include
 /usr/local/include
 /usr/include/x86_64-linux-gnu
 /usr/include
End of search list.
GNU C17 (Ubuntu 12.3.0-1ubuntu1~22.04.3) version 12.3.0 (x86_64-linux-gnu)
	compiled by GNU C version 12.3.0, GMP version 6.2.1, MPFR version 4.1.0, MPC version 1.2.1, isl version isl-0.24-GMP

GGC heuristics: --param ggc-min-expand=100 --param ggc-min-heapsize=131072
Compiler executable checksum: 65d1edd4fb1e0f618a87b24c70895372
COLLECT_GCC_OPTIONS='-v' '-o' 'CMakeFiles/cmTC_43519.dir/CMakeCCompilerABI.c.o' '-c' '-mtune=generic' '-march=x86-64' '-dumpdir' 'CMakeFiles/cmTC_43519.dir/'
 as -v --64 -o CMakeFiles/cmTC_43519.dir/CMakeCCompilerABI.c.o /tmp/ccs5YMpp.s
GNU assembler version 2.38 (x86_64-linux-gnu) using BFD version (GNU Binutils for Ubuntu) 2.38
COMPILER_PATH=/home/ytr/.local/usr/bin/../lib/gcc/x86_64-linux-gnu/12/:/home/ytr/.local/usr/bin/../lib/gcc/x86_64-linux-gnu/:/home/ytr/.local/usr/bin/../lib/gcc/
LIBRARY_PATH=/home/ytr/.local/usr/bin/../lib/gcc/x86_64-linux-gnu/12/:/home/ytr/.local/usr/bin/../lib/gcc/x86_64-linux-gnu/:/home/ytr/.local/usr/bin/../lib/gcc/:/home/ytr/.local/usr/bin/../lib/gcc/x86_64-linux-gnu/12/../../../x86_64-linux-gnu/:/home/ytr/.local/usr/bin/../lib/gcc/x86_64-linux-gnu/12/../../../../lib/:/lib/x86_64-linux-gnu/:/lib/../lib/:/usr/lib/x86_64-linux-gnu/:/usr/lib/../lib/:/home/ytr/.local/usr/bin/../lib/gcc/x86_64-linux-gnu/12/../../../:/lib/:/usr/lib/
COLLECT_GCC_OPTIONS='-v' '-o' 'CMakeFiles/cmTC_43519.dir/CMakeCCompilerABI.c.o' '-c' '-mtune=generic' '-march=x86-64' '-dumpdir' 'CMakeFiles/cmTC_43519.dir/CMakeCCompilerABI.c.'
Linking C executable cmTC_43519
/usr/bin/cmake -E cmake_link_script CMakeFiles/cmTC_43519.dir/link.txt --verbose=1
/home/ytr/.local/bin/cc  -v CMakeFiles/cmTC_43519.dir/CMakeCCompilerABI.c.o -o cmTC_43519 
Using built-in specs.
COLLECT_GCC=/home/ytr/.local/bin/cc
COLLECT_LTO_WRAPPER=/home/ytr/.local/usr/bin/../lib/gcc/x86_64-linux-gnu/12/lto-wrapper
OFFLOAD_TARGET_NAMES=nvptx-none:amdgcn-amdhsa
OFFLOAD_TARGET_DEFAULT=1
Target: x86_64-linux-gnu
Configured with: ../src/configure -v --with-pkgversion='Ubuntu 12.3.0-1ubuntu1~22.04.3' --with-bugurl=file:///usr/share/doc/gcc-12/README.Bugs --enable-languages=c,ada,c++,go,d,fortran,objc,obj-c++,m2 --prefix=/usr --with-gcc-major-version-only --program-suffix=-12 --program-prefix=x86_64-linux-gnu- --enable-shared --enable-linker-build-id --libexecdir=/usr/lib --without-included-gettext --enable-threads=posix --libdir=/usr/lib --enable-nls --enable-clocale=gnu --enable-libstdcxx-debug --enable-libstdcxx-time=yes --with-default-libstdcxx-abi=new --enable-gnu-unique-object --disable-vtable-verify --enable-plugin --enable-default-pie --with-system-zlib --enable-libphobos-checking=release --with-target-system-zlib=auto --enable-objc-gc=auto --enable-multiarch --disable-werror --enable-cet --with-arch-32=i686 --with-abi=m64 --with-multilib-list=m32,m64,mx32 --enable-multilib --with-tune=generic --enable-offload-targets=nvptx-none=/build/gcc-12-YswQCa/gcc-12-12.3.0/debian/tmp-nvptx/usr,amdgcn-amdhsa=/build/gcc-12-YswQCa/gcc-12-12.3.0/debian/tmp-gcn/usr --enable-offload-defaulted --without-cuda-driver --enable-checking=release --build=x86_64-linux-gnu --host=x86_64-linux-gnu --target=x86_64-linux-gnu
Thread model: posix
Supported LTO compression algorithms: zlib zstd
gcc version 12.3.0 (Ubuntu 12.3.0-1ubuntu1~22.04.3) 
COMPILER_PATH=/home/ytr/.local/usr/bin/../lib/gcc/x86_64-linux-gnu/12/:/home/ytr/.local/usr/bin/../lib/gcc/x86_64-linux-gnu/:/home/ytr/.local/usr/bin/../lib/gcc/
LIBRARY_PATH=/home/ytr/.local/usr/bin/../lib/gcc/x86_64-linux-gnu/12/:/home/ytr/.local/usr/bin/../lib/gcc/x86_64-linux-gnu/:/home/ytr/.local/usr/bin/../lib/gcc/:/home/ytr/.local/usr/bin/../lib/gcc/x86_64-linux-gnu/12/../../../x86_64-linux-gnu/:/home/ytr/.local/usr/bin/../lib/gcc/x86_64-linux-gnu/12/../../../../lib/:/lib/x86_64-linux-gnu/:/lib/../lib/:/usr/lib/x86_64-linux-gnu/:/usr/lib/../lib/:/home/ytr/.local/usr/bin/../lib/gcc/x86_64-linux-gnu/12/../../../:/lib/:/usr/lib/
COLLECT_GCC_OPTIONS='-v' '-o' 'cmTC_43519' '-mtune=generic' '-march=x86-64' '-dumpdir' 'cmTC_43519.'
 /home/ytr/.local/usr/bin/../lib/gcc/x86_64-linux-gnu/12/collect2 -plugin /home/ytr/.local/usr/bin/../lib/gcc/x86_64-linux-gnu/12/liblto_plugin.so -plugin-opt=/home/ytr/.local/usr/bin/../lib/gcc/x86_64-linux-gnu/12/lto-wrapper -plugin-opt=-fresolution=/tmp/ccgczHuf.res -plugin-opt=-pass-through=-lgcc -plugin-opt=-pass-through=-lgcc_s -plugin-opt=-pass-through=-lc -plugin-opt=-pass-through=-lgcc -plugin-opt=-pass-through=-lgcc_s --build-id --eh-frame-hdr -m elf_x86_64 --hash-style=gnu --as-needed -dynamic-linker /lib64/ld-linux-x86-64.so.2 -pie -z now -z relro -o cmTC_43519 /home/ytr/.local/usr/bin/../lib/gcc/x86_64-linux-gnu/12/../../../x86_64-linux-gnu/Scrt1.o /home/ytr/.local/usr/bin/../lib/gcc/x86_64-linux-gnu/12/../../../x86_64-linux-gnu/crti.o /home/ytr/.local/usr/bin/../lib/gcc/x86_64-linux-gnu/12/crtbeginS.o -L/home/ytr/.local/usr/bin/../lib/gcc/x86_64-linux-gnu/12 -L/home/ytr/.local/usr/bin/../lib/gcc/x86_64-linux-gnu -L/home/ytr/.local/usr/bin/../lib/gcc -L/home/ytr/.local/usr/bin/../lib/gcc/x86_64-linux-gnu/12/../../../x86_64-linux-gnu -L/home/ytr/.local/usr/bin/../lib/gcc/x86_64-linux-gnu/12/../../../../lib -L/lib/x86_64-linux-gnu -L/lib/../lib -L/usr/lib/x86_64-linux-gnu -L/usr/lib/../lib -L/home/ytr/.local/usr/bin/../lib/gcc/x86_64-linux-gnu/12/../../.. CMakeFiles/cmTC_43519.dir/CMakeCCompilerABI.c.o -lgcc --push-state --as-needed -lgcc_s --pop-state -lc -lgcc --push-state --as-needed -lgcc_s --pop-state /home/ytr/.local/usr/bin/../lib/gcc/x86_64-linux-gnu/12/crtendS.o /home/ytr/.local/usr/bin/../lib/gcc/x86_64-linux-gnu/12/../../../x86_64-linux-gnu/crtn.o
COLLECT_GCC_OPTIONS='-v' '-o' 'cmTC_43519' '-mtune=generic' '-march=x86-64' '-dumpdir' 'cmTC_43519.'
gmake[1]: Leaving directory '/home/ytr/dev_ws/build_3d/robocon2027_gazebo/CMakeFiles/CMakeTmp'



Parsed C implicit include dir info from above output: rv=done
  found start of include info
  found start of implicit include info
    add: [/home/ytr/.local/usr/lib/gcc/x86_64-linux-gnu/12/include]
    add: [/usr/local/include]
    add: [/usr/include/x86_64-linux-gnu]
    add: [/usr/include]
  end of search list found
  collapse include dir [/home/ytr/.local/usr/lib/gcc/x86_64-linux-gnu/12/include] ==> [/home/ytr/.local/usr/lib/gcc/x86_64-linux-gnu/12/include]
  collapse include dir [/usr/local/include] ==> [/usr/local/include]
  collapse include dir [/usr/include/x86_64-linux-gnu] ==> [/usr/include/x86_64-linux-gnu]
  collapse include dir [/usr/include] ==> [/usr/include]
  implicit include dirs: [/home/ytr/.local/usr/lib/gcc/x86_64-linux-gnu/12/include;/usr/local/include;/usr/include/x86_64-linux-gnu;/usr/include]


Parsed C implicit link information from above output:
  link line regex: [^( *|.*[/\])(ld|CMAKE_LINK_STARTFILE-NOTFOUND|([^/\]+-)?ld|collect2)[^/\]*( |$)]
  ignore line: [Change Dir: /home/ytr/dev_ws/build_3d/robocon2027_gazebo/CMakeFiles/CMakeTmp]
  ignore line: []
  ignore line: [Run Build Command(s):/usr/bin/gmake -f Makefile cmTC_43519/fast && /usr/bin/gmake  -f CMakeFiles/cmTC_43519.dir/build.make CMakeFiles/cmTC_43519.dir/build]
  ignore line: [gmake[1]: Entering directory '/home/ytr/dev_ws/build_3d/robocon2027_gazebo/CMakeFiles/CMakeTmp']
  ignore line: [Building C object CMakeFiles/cmTC_43519.dir/CMakeCCompilerABI.c.o]
  ignore line: [/home/ytr/.local/bin/cc   -v -o CMakeFiles/cmTC_43519.dir/CMakeCCompilerABI.c.o -c /usr/share/cmake-3.22/Modules/CMakeCCompilerABI.c]
  ignore line: [Using built-in specs.]
  ignore line: [COLLECT_GCC=/home/ytr/.local/bin/cc]
  ignore line: [OFFLOAD_TARGET_NAMES=nvptx-none:amdgcn-amdhsa]
  ignore line: [OFFLOAD_TARGET_DEFAULT=1]
  ignore line: [Target: x86_64-linux-gnu]
  ignore line: [Configured with: ../src/configure -v --with-pkgversion='Ubuntu 12.3.0-1ubuntu1~22.04.3' --with-bugurl=file:///usr/share/doc/gcc-12/README.Bugs --enable-languages=c ada c++ go d fortran objc obj-c++ m2 --prefix=/usr --with-gcc-major-version-only --program-suffix=-12 --program-prefix=x86_64-linux-gnu- --enable-shared --enable-linker-build-id --libexecdir=/usr/lib --without-included-gettext --enable-threads=posix --libdir=/usr/lib --enable-nls --enable-clocale=gnu --enable-libstdcxx-debug --enable-libstdcxx-time=yes --with-default-libstdcxx-abi=new --enable-gnu-unique-object --disable-vtable-verify --enable-plugin --enable-default-pie --with-system-zlib --enable-libphobos-checking=release --with-target-system-zlib=auto --enable-objc-gc=auto --enable-multiarch --disable-werror --enable-cet --with-arch-32=i686 --with-abi=m64 --with-multilib-list=m32 m64 mx32 --enable-multilib --with-tune=generic --enable-offload-targets=nvptx-none=/build/gcc-12-YswQCa/gcc-12-12.3.0/debian/tmp-nvptx/usr amdgcn-amdhsa=/build/gcc-12-YswQCa/gcc-12-12.3.0/debian/tmp-gcn/usr --enable-offload-defaulted --without-cuda-driver --enable-checking=release --build=x86_64-linux-gnu --host=x86_64-linux-gnu --target=x86_64-linux-gnu]
  ignore line: [Thread model: posix]
  ignore line: [Supported LTO compression algorithms: zlib zstd]
  ignore line: [gcc version 12.3.0 (Ubuntu 12.3.0-1ubuntu1~22.04.3) ]
  ignore line: [COLLECT_GCC_OPTIONS='-v' '-o' 'CMakeFiles/cmTC_43519.dir/CMakeCCompilerABI.c.o' '-c' '-mtune=generic' '-march=x86-64' '-dumpdir' 'CMakeFiles/cmTC_43519.dir/']
  ignore line: [ /home/ytr/.local/usr/bin/../lib/gcc/x86_64-linux-gnu/12/cc1 -quiet -v -imultiarch x86_64-linux-gnu -iprefix /home/ytr/.local/usr/bin/../lib/gcc/x86_64-linux-gnu/12/ /usr/share/cmake-3.22/Modules/CMakeCCompilerABI.c -quiet -dumpdir CMakeFiles/cmTC_43519.dir/ -dumpbase CMakeCCompilerABI.c.c -dumpbase-ext .c -mtune=generic -march=x86-64 -version -fasynchronous-unwind-tables -fstack-protector-strong -Wformat -Wformat-security -fstack-clash-protection -fcf-protection -o /tmp/ccs5YMpp.s]
  ignore line: [GNU C17 (Ubuntu 12.3.0-1ubuntu1~22.04.3) version 12.3.0 (x86_64-linux-gnu)]
  ignore line: [	compiled by GNU C version 12.3.0  GMP version 6.2.1  MPFR version 4.1.0  MPC version 1.2.1  isl version isl-0.24-GMP]
  ignore line: []
  ignore line: [GGC heuristics: --param ggc-min-expand=100 --param ggc-min-heapsize=131072]
  ignore line: [ignoring nonexistent directory "/home/ytr/.local/usr/bin/../lib/gcc/x86_64-linux-gnu/12/include-fixed"]
  ignore line: [ignoring nonexistent directory "/home/ytr/.local/usr/bin/../lib/gcc/x86_64-linux-gnu/12/../../../../x86_64-linux-gnu/include"]
  ignore line: [ignoring duplicate directory "/home/ytr/.local/usr/lib/gcc/x86_64-linux-gnu/12/include"]
  ignore line: [ignoring nonexistent directory "/usr/local/include/x86_64-linux-gnu"]
  ignore line: [ignoring nonexistent directory "/home/ytr/.local/usr/bin/../lib/gcc/../../lib/gcc/x86_64-linux-gnu/12/include-fixed"]
  ignore line: [ignoring nonexistent directory "/home/ytr/.local/usr/bin/../lib/gcc/../../lib/gcc/x86_64-linux-gnu/12/../../../../x86_64-linux-gnu/include"]
  ignore line: [#include "..." search starts here:]
  ignore line: [#include <...> search starts here:]
  ignore line: [ /home/ytr/.local/usr/lib/gcc/x86_64-linux-gnu/12/include]
  ignore line: [ /usr/local/include]
  ignore line: [ /usr/include/x86_64-linux-gnu]
  ignore line: [ /usr/include]
  ignore line: [End of search list.]
  ignore line: [GNU C17 (Ubuntu 12.3.0-1ubuntu1~22.04.3) version 12.3.0 (x86_64-linux-gnu)]
  ignore line: [	compiled by GNU C version 12.3.0  GMP version 6.2.1  MPFR version 4.1.0  MPC version 1.2.1  isl version isl-0.24-GMP]
  ignore line: []
  ignore line: [GGC heuristics: --param ggc-min-expand=100 --param ggc-min-heapsize=131072]
  ignore line: [Compiler executable checksum: 65d1edd4fb1e0f618a87b24c70895372]
  ignore line: [COLLECT_GCC_OPTIONS='-v' '-o' 'CMakeFiles/cmTC_43519.dir/CMakeCCompilerABI.c.o' '-c' '-mtune=generic' '-march=x86-64' '-dumpdir' 'CMakeFiles/cmTC_43519.dir/']
  ignore line: [ as -v --64 -o CMakeFiles/cmTC_43519.dir/CMakeCCompilerABI.c.o /tmp/ccs5YMpp.s]
  ignore line: [GNU assembler version 2.38 (x86_64-linux-gnu) using BFD version (GNU Binutils for Ubuntu) 2.38]
  ignore line: [COMPILER_PATH=/home/ytr/.local/usr/bin/../lib/gcc/x86_64-linux-gnu/12/:/home/ytr/.local/usr/bin/../lib/gcc/x86_64-linux-gnu/:/home/ytr/.local/usr/bin/../lib/gcc/]
  ignore line: [LIBRARY_PATH=/home/ytr/.local/usr/bin/../lib/gcc/x86_64-linux-gnu/12/:/home/ytr/.local/usr/bin/../lib/gcc/x86_64-linux-gnu/:/home/ytr/.local/usr/bin/../lib/gcc/:/home/ytr/.local/usr/bin/../lib/gcc/x86_64-linux-gnu/12/../../../x86_64-linux-gnu/:/home/ytr/.local/usr/bin/../lib/gcc/x86_64-linux-gnu/12/../../../../lib/:/lib/x86_64-linux-gnu/:/lib/../lib/:/usr/lib/x86_64-linux-gnu/:/usr/lib/../lib/:/home/ytr/.local/usr/bin/../lib/gcc/x86_64-linux-gnu/12/../../../:/lib/:/usr/lib/]
  ignore line: [COLLECT_GCC_OPTIONS='-v' '-o' 'CMakeFiles/cmTC_43519.dir/CMakeCCompilerABI.c.o' '-c' '-mtune=generic' '-march=x86-64' '-dumpdir' 'CMakeFiles/cmTC_43519.dir/CMakeCCompilerABI.c.']
  ignore line: [Linking C executable cmTC_43519]
  ignore line: [/usr/bin/cmake -E cmake_link_script CMakeFiles/cmTC_43519.dir/link.txt --verbose=1]
  ignore line: [/home/ytr/.local/bin/cc  -v CMakeFiles/cmTC_43519.dir/CMakeCCompilerABI.c.o -o cmTC_43519 ]
  ignore line: [Using built-in specs.]
  ignore line: [COLLECT_GCC=/home/ytr/.local/bin/cc]
  ignore line: [COLLECT_LTO_WRAPPER=/home/ytr/.local/usr/bin/../lib/gcc/x86_64-linux-gnu/12/lto-wrapper]
  ignore line: [OFFLOAD_TARGET_NAMES=nvptx-none:amdgcn-amdhsa]
  ignore line: [OFFLOAD_TARGET_DEFAULT=1]
  ignore line: [Target: x86_64-linux-gnu]
  ignore line: [Configured with: ../src/configure -v --with-pkgversion='Ubuntu 12.3.0-1ubuntu1~22.04.3' --with-bugurl=file:///usr/share/doc/gcc-12/README.Bugs --enable-languages=c ada c++ go d fortran objc obj-c++ m2 --prefix=/usr --with-gcc-major-version-only --program-suffix=-12 --program-prefix=x86_64-linux-gnu- --enable-shared --enable-linker-build-id --libexecdir=/usr/lib --without-included-gettext --enable-threads=posix --libdir=/usr/lib --enable-nls --enable-clocale=gnu --enable-libstdcxx-debug --enable-libstdcxx-time=yes --with-default-libstdcxx-abi=new --enable-gnu-unique-object --disable-vtable-verify --enable-plugin --enable-default-pie --with-system-zlib --enable-libphobos-checking=release --with-target-system-zlib=auto --enable-objc-gc=auto --enable-multiarch --disable-werror --enable-cet --with-arch-32=i686 --with-abi=m64 --with-multilib-list=m32 m64 mx32 --enable-multilib --with-tune=generic --enable-offload-targets=nvptx-none=/build/gcc-12-YswQCa/gcc-12-12.3.0/debian/tmp-nvptx/usr amdgcn-amdhsa=/build/gcc-12-YswQCa/gcc-12-12.3.0/debian/tmp-gcn/usr --enable-offload-defaulted --without-cuda-driver --enable-checking=release --build=x86_64-linux-gnu --host=x86_64-linux-gnu --target=x86_64-linux-gnu]
  ignore line: [Thread model: posix]
  ignore line: [Supported LTO compression algorithms: zlib zstd]
  ignore line: [gcc version 12.3.0 (Ubuntu 12.3.0-1ubuntu1~22.04.3) ]
  ignore line: [COMPILER_PATH=/home/ytr/.local/usr/bin/../lib/gcc/x86_64-linux-gnu/12/:/home/ytr/.local/usr/bin/../lib/gcc/x86_64-linux-gnu/:/home/ytr/.local/usr/bin/../lib/gcc/]
  ignore line: [LIBRARY_PATH=/home/ytr/.local/usr/bin/../lib/gcc/x86_64-linux-gnu/12/:/home/ytr/.local/usr/bin/../lib/gcc/x86_64-linux-gnu/:/home/ytr/.local/usr/bin/../lib/gcc/:/home/ytr/.local/usr/bin/../lib/gcc/x86_64-linux-gnu/12/../../../x86_64-linux-gnu/:/home/ytr/.local/usr/bin/../lib/gcc/x86_64-linux-gnu/12/../../../../lib/:/lib/x86_64-linux-gnu/:/lib/../lib/:/usr/lib/x86_64-linux-gnu/:/usr/lib/../lib/:/home/ytr/.local/usr/bin/../lib/gcc/x86_64-linux-gnu/12/../../../:/lib/:/usr/lib/]
  ignore line: [COLLECT_GCC_OPTIONS='-v' '-o' 'cmTC_43519' '-mtune=generic' '-march=x86-64' '-dumpdir' 'cmTC_43519.']
  link line: [ /home/ytr/.local/usr/bin/../lib/gcc/x86_64-linux-gnu/12/collect2 -plugin /home/ytr/.local/usr/bin/../lib/gcc/x86_64-linux-gnu/12/liblto_plugin.so -plugin-opt=/home/ytr/.local/usr/bin/../lib/gcc/x86_64-linux-gnu/12/lto-wrapper -plugin-opt=-fresolution=/tmp/ccgczHuf.res -plugin-opt=-pass-through=-lgcc -plugin-opt=-pass-through=-lgcc_s -plugin-opt=-pass-through=-lc -plugin-opt=-pass-through=-lgcc -plugin-opt=-pass-through=-lgcc_s --build-id --eh-frame-hdr -m elf_x86_64 --hash-style=gnu --as-needed -dynamic-linker /lib64/ld-linux-x86-64.so.2 -pie -z now -z relro -o cmTC_43519 /home/ytr/.local/usr/bin/../lib/gcc/x86_64-linux-gnu/12/../../../x86_64-linux-gnu/Scrt1.o /home/ytr/.local/usr/bin/../lib/gcc/x86_64-linux-gnu/12/../../../x86_64-linux-gnu/crti.o /home/ytr/.local/usr/bin/../lib/gcc/x86_64-linux-gnu/12/crtbeginS.o -L/home/ytr/.local/usr/bin/../lib/gcc/x86_64-linux-gnu/12 -L/home/ytr/.local/usr/bin/../lib/gcc/x86_64-linux-gnu -L/home/ytr/.local/usr/bin/../lib/gcc -L/home/ytr/.local/usr/bin/../lib/gcc/x86_64-linux-gnu/12/../../../x86_64-linux-gnu -L/home/ytr/.local/usr/bin/../lib/gcc/x86_64-linux-gnu/12/../../../../lib -L/lib/x86_64-linux-gnu -L/lib/../lib -L/usr/lib/x86_64-linux-gnu -L/usr/lib/../lib -L/home/ytr/.local/usr/bin/../lib/gcc/x86_64-linux-gnu/12/../../.. CMakeFiles/cmTC_43519.dir/CMakeCCompilerABI.c.o -lgcc --push-state --as-needed -lgcc_s --pop-state -lc -lgcc --push-state --as-needed -lgcc_s --pop-state /home/ytr/.local/usr/bin/../lib/gcc/x86_64-linux-gnu/12/crtendS.o /home/ytr/.local/usr/bin/../lib/gcc/x86_64-linux-gnu/12/../../../x86_64-linux-gnu/crtn.o]
    arg [/home/ytr/.local/usr/bin/../lib/gcc/x86_64-linux-gnu/12/collect2] ==> ignore
    arg [-plugin] ==> ignore
    arg [/home/ytr/.local/usr/bin/../lib/gcc/x86_64-linux-gnu/12/liblto_plugin.so] ==> ignore
    arg [-plugin-opt=/home/ytr/.local/usr/bin/../lib/gcc/x86_64-linux-gnu/12/lto-wrapper] ==> ignore
    arg [-plugin-opt=-fresolution=/tmp/ccgczHuf.res] ==> ignore
    arg [-plugin-opt=-pass-through=-lgcc] ==> ignore
    arg [-plugin-opt=-pass-through=-lgcc_s] ==> ignore
    arg [-plugin-opt=-pass-through=-lc] ==> ignore
    arg [-plugin-opt=-pass-through=-lgcc] ==> ignore
    arg [-plugin-opt=-pass-through=-lgcc_s] ==> ignore
    arg [--build-id] ==> ignore
    arg [--eh-frame-hdr] ==> ignore
    arg [-m] ==> ignore
    arg [elf_x86_64] ==> ignore
    arg [--hash-style=gnu] ==> ignore
    arg [--as-needed] ==> ignore
    arg [-dynamic-linker] ==> ignore
    arg [/lib64/ld-linux-x86-64.so.2] ==> ignore
    arg [-pie] ==> ignore
    arg [-znow] ==> ignore
    arg [-zrelro] ==> ignore
    arg [-o] ==> ignore
    arg [cmTC_43519] ==> ignore
    arg [/home/ytr/.local/usr/bin/../lib/gcc/x86_64-linux-gnu/12/../../../x86_64-linux-gnu/Scrt1.o] ==> obj [/home/ytr/.local/usr/bin/../lib/gcc/x86_64-linux-gnu/12/../../../x86_64-linux-gnu/Scrt1.o]
    arg [/home/ytr/.local/usr/bin/../lib/gcc/x86_64-linux-gnu/12/../../../x86_64-linux-gnu/crti.o] ==> obj [/home/ytr/.local/usr/bin/../lib/gcc/x86_64-linux-gnu/12/../../../x86_64-linux-gnu/crti.o]
    arg [/home/ytr/.local/usr/bin/../lib/gcc/x86_64-linux-gnu/12/crtbeginS.o] ==> obj [/home/ytr/.local/usr/bin/../lib/gcc/x86_64-linux-gnu/12/crtbeginS.o]
    arg [-L/home/ytr/.local/usr/bin/../lib/gcc/x86_64-linux-gnu/12] ==> dir [/home/ytr/.local/usr/bin/../lib/gcc/x86_64-linux-gnu/12]
    arg [-L/home/ytr/.local/usr/bin/../lib/gcc/x86_64-linux-gnu] ==> dir [/home/ytr/.local/usr/bin/../lib/gcc/x86_64-linux-gnu]
    arg [-L/home/ytr/.local/usr/bin/../lib/gcc] ==> dir [/home/ytr/.local/usr/bin/../lib/gcc]
    arg [-L/home/ytr/.local/usr/bin/../lib/gcc/x86_64-linux-gnu/12/../../../x86_64-linux-gnu] ==> dir [/home/ytr/.local/usr/bin/../lib/gcc/x86_64-linux-gnu/12/../../../x86_64-linux-gnu]
    arg [-L/home/ytr/.local/usr/bin/../lib/gcc/x86_64-linux-gnu/12/../../../../lib] ==> dir [/home/ytr/.local/usr/bin/../lib/gcc/x86_64-linux-gnu/12/../../../../lib]
    arg [-L/lib/x86_64-linux-gnu] ==> dir [/lib/x86_64-linux-gnu]
    arg [-L/lib/../lib] ==> dir [/lib/../lib]
    arg [-L/usr/lib/x86_64-linux-gnu] ==> dir [/usr/lib/x86_64-linux-gnu]
    arg [-L/usr/lib/../lib] ==> dir [/usr/lib/../lib]
    arg [-L/home/ytr/.local/usr/bin/../lib/gcc/x86_64-linux-gnu/12/../../..] ==> dir [/home/ytr/.local/usr/bin/../lib/gcc/x86_64-linux-gnu/12/../../..]
    arg [CMakeFiles/cmTC_43519.dir/CMakeCCompilerABI.c.o] ==> ignore
    arg [-lgcc] ==> lib [gcc]
    arg [--push-state] ==> ignore
    arg [--as-needed] ==> ignore
    arg [-lgcc_s] ==> lib [gcc_s]
    arg [--pop-state] ==> ignore
    arg [-lc] ==> lib [c]
    arg [-lgcc] ==> lib [gcc]
    arg [--push-state] ==> ignore
    arg [--as-needed] ==> ignore
    arg [-lgcc_s] ==> lib [gcc_s]
    arg [--pop-state] ==> ignore
    arg [/home/ytr/.local/usr/bin/../lib/gcc/x86_64-linux-gnu/12/crtendS.o] ==> obj [/home/ytr/.local/usr/bin/../lib/gcc/x86_64-linux-gnu/12/crtendS.o]
    arg [/home/ytr/.local/usr/bin/../lib/gcc/x86_64-linux-gnu/12/../../../x86_64-linux-gnu/crtn.o] ==> obj [/home/ytr/.local/usr/bin/../lib/gcc/x86_64-linux-gnu/12/../../../x86_64-linux-gnu/crtn.o]
  collapse obj [/home/ytr/.local/usr/bin/../lib/gcc/x86_64-linux-gnu/12/../../../x86_64-linux-gnu/Scrt1.o] ==> [/home/ytr/.local/usr/lib/x86_64-linux-gnu/Scrt1.o]
  collapse obj [/home/ytr/.local/usr/bin/../lib/gcc/x86_64-linux-gnu/12/../../../x86_64-linux-gnu/crti.o] ==> [/home/ytr/.local/usr/lib/x86_64-linux-gnu/crti.o]
  collapse obj [/home/ytr/.local/usr/bin/../lib/gcc/x86_64-linux-gnu/12/crtbeginS.o] ==> [/home/ytr/.local/usr/lib/gcc/x86_64-linux-gnu/12/crtbeginS.o]
  collapse obj [/home/ytr/.local/usr/bin/../lib/gcc/x86_64-linux-gnu/12/crtendS.o] ==> [/home/ytr/.local/usr/lib/gcc/x86_64-linux-gnu/12/crtendS.o]
  collapse obj [/home/ytr/.local/usr/bin/../lib/gcc/x86_64-linux-gnu/12/../../../x86_64-linux-gnu/crtn.o] ==> [/home/ytr/.local/usr/lib/x86_64-linux-gnu/crtn.o]
  collapse library dir [/home/ytr/.local/usr/bin/../lib/gcc/x86_64-linux-gnu/12] ==> [/home/ytr/.local/usr/lib/gcc/x86_64-linux-gnu/12]
  collapse library dir [/home/ytr/.local/usr/bin/../lib/gcc/x86_64-linux-gnu] ==> [/home/ytr/.local/usr/lib/gcc/x86_64-linux-gnu]
  collapse library dir [/home/ytr/.local/usr/bin/../lib/gcc] ==> [/home/ytr/.local/usr/lib/gcc]
  collapse library dir [/home/ytr/.local/usr/bin/../lib/gcc/x86_64-linux-gnu/12/../../../x86_64-linux-gnu] ==> [/home/ytr/.local/usr/lib/x86_64-linux-gnu]
  collapse library dir [/home/ytr/.local/usr/bin/../lib/gcc/x86_64-linux-gnu/12/../../../../lib] ==> [/home/ytr/.local/usr/lib]
  collapse library dir [/lib/x86_64-linux-gnu] ==> [/lib/x86_64-linux-gnu]
  collapse library dir [/lib/../lib] ==> [/lib]
  collapse library dir [/usr/lib/x86_64-linux-gnu] ==> [/usr/lib/x86_64-linux-gnu]
  collapse library dir [/usr/lib/../lib] ==> [/usr/lib]
  collapse library dir [/home/ytr/.local/usr/bin/../lib/gcc/x86_64-linux-gnu/12/../../..] ==> [/home/ytr/.local/usr/lib]
  implicit libs: [gcc;gcc_s;c;gcc;gcc_s]
  implicit objs: [/home/ytr/.local/usr/lib/x86_64-linux-gnu/Scrt1.o;/home/ytr/.local/usr/lib/x86_64-linux-gnu/crti.o;/home/ytr/.local/usr/lib/gcc/x86_64-linux-gnu/12/crtbeginS.o;/home/ytr/.local/usr/lib/gcc/x86_64-linux-gnu/12/crtendS.o;/home/ytr/.local/usr/lib/x86_64-linux-gnu/crtn.o]
  implicit dirs: [/home/ytr/.local/usr/lib/gcc/x86_64-linux-gnu/12;/home/ytr/.local/usr/lib/gcc/x86_64-linux-gnu;/home/ytr/.local/usr/lib/gcc;/home/ytr/.local/usr/lib/x86_64-linux-gnu;/home/ytr/.local/usr/lib;/lib/x86_64-linux-gnu;/lib;/usr/lib/x86_64-linux-gnu;/usr/lib]
  implicit fwks: []


Detecting CXX compiler ABI info compiled with the following output:
Change Dir: /home/ytr/dev_ws/build_3d/robocon2027_gazebo/CMakeFiles/CMakeTmp

Run Build Command(s):/usr/bin/gmake -f Makefile cmTC_32a15/fast && /usr/bin/gmake  -f CMakeFiles/cmTC_32a15.dir/build.make CMakeFiles/cmTC_32a15.dir/build
gmake[1]: Entering directory '/home/ytr/dev_ws/build_3d/robocon2027_gazebo/CMakeFiles/CMakeTmp'
Building CXX object CMakeFiles/cmTC_32a15.dir/CMakeCXXCompilerABI.cpp.o
/home/ytr/.local/bin/g++   -v -o CMakeFiles/cmTC_32a15.dir/CMakeCXXCompilerABI.cpp.o -c /usr/share/cmake-3.22/Modules/CMakeCXXCompilerABI.cpp
Using built-in specs.
COLLECT_GCC=/home/ytr/.local/bin/g++
OFFLOAD_TARGET_NAMES=nvptx-none:amdgcn-amdhsa
OFFLOAD_TARGET_DEFAULT=1
Target: x86_64-linux-gnu
Configured with: ../src/configure -v --with-pkgversion='Ubuntu 12.3.0-1ubuntu1~22.04.3' --with-bugurl=file:///usr/share/doc/gcc-12/README.Bugs --enable-languages=c,ada,c++,go,d,fortran,objc,obj-c++,m2 --prefix=/usr --with-gcc-major-version-only --program-suffix=-12 --program-prefix=x86_64-linux-gnu- --enable-shared --enable-linker-build-id --libexecdir=/usr/lib --without-included-gettext --enable-threads=posix --libdir=/usr/lib --enable-nls --enable-clocale=gnu --enable-libstdcxx-debug --enable-libstdcxx-time=yes --with-default-libstdcxx-abi=new --enable-gnu-unique-object --disable-vtable-verify --enable-plugin --enable-default-pie --with-system-zlib --enable-libphobos-checking=release --with-target-system-zlib=auto --enable-objc-gc=auto --enable-multiarch --disable-werror --enable-cet --with-arch-32=i686 --with-abi=m64 --with-multilib-list=m32,m64,mx32 --enable-multilib --with-tune=generic --enable-offload-targets=nvptx-none=/build/gcc-12-YswQCa/gcc-12-12.3.0/debian/tmp-nvptx/usr,amdgcn-amdhsa=/build/gcc-12-YswQCa/gcc-12-12.3.0/debian/tmp-gcn/usr --enable-offload-defaulted --without-cuda-driver --enable-checking=release --build=x86_64-linux-gnu --host=x86_64-linux-gnu --target=x86_64-linux-gnu
Thread model: posix
Supported LTO compression algorithms: zlib zstd
gcc version 12.3.0 (Ubuntu 12.3.0-1ubuntu1~22.04.3) 
COLLECT_GCC_OPTIONS='-v' '-o' 'CMakeFiles/cmTC_32a15.dir/CMakeCXXCompilerABI.cpp.o' '-c' '-shared-libgcc' '-mtune=generic' '-march=x86-64' '-dumpdir' 'CMakeFiles/cmTC_32a15.dir/'
 /home/ytr/.local/usr/bin/../lib/gcc/x86_64-linux-gnu/12/cc1plus -quiet -v -imultiarch x86_64-linux-gnu -iprefix /home/ytr/.local/usr/bin/../lib/gcc/x86_64-linux-gnu/12/ -D_GNU_SOURCE /usr/share/cmake-3.22/Modules/CMakeCXXCompilerABI.cpp -quiet -dumpdir CMakeFiles/cmTC_32a15.dir/ -dumpbase CMakeCXXCompilerABI.cpp.cpp -dumpbase-ext .cpp -mtune=generic -march=x86-64 -version -fasynchronous-unwind-tables -fstack-protector-strong -Wformat -Wformat-security -fstack-clash-protection -fcf-protection -o /tmp/ccKLHmCd.s
GNU C++17 (Ubuntu 12.3.0-1ubuntu1~22.04.3) version 12.3.0 (x86_64-linux-gnu)
	compiled by GNU C version 12.3.0, GMP version 6.2.1, MPFR version 4.1.0, MPC version 1.2.1, isl version isl-0.24-GMP

GGC heuristics: --param ggc-min-expand=100 --param ggc-min-heapsize=131072
ignoring nonexistent directory "/home/ytr/.local/usr/bin/../lib/gcc/x86_64-linux-gnu/12/../../../../include/x86_64-linux-gnu/c++/12/x86_64-linux-gnu"
ignoring nonexistent directory "/home/ytr/.local/usr/bin/../lib/gcc/x86_64-linux-gnu/12/include-fixed"
ignoring nonexistent directory "/home/ytr/.local/usr/bin/../lib/gcc/x86_64-linux-gnu/12/../../../../x86_64-linux-gnu/include"
ignoring duplicate directory "/home/ytr/.local/usr/include/c++/12"
ignoring duplicate directory "/home/ytr/.local/usr/include/x86_64-linux-gnu/c++/12"
ignoring duplicate directory "/home/ytr/.local/usr/include/x86_64-linux-gnu/c++/12"
ignoring duplicate directory "/home/ytr/.local/usr/include/c++/12/backward"
ignoring duplicate directory "/home/ytr/.local/usr/lib/gcc/x86_64-linux-gnu/12/include"
ignoring nonexistent directory "/usr/local/include/x86_64-linux-gnu"
ignoring nonexistent directory "/home/ytr/.local/usr/bin/../lib/gcc/../../lib/gcc/x86_64-linux-gnu/12/include-fixed"
ignoring nonexistent directory "/home/ytr/.local/usr/bin/../lib/gcc/../../lib/gcc/x86_64-linux-gnu/12/../../../../x86_64-linux-gnu/include"
#include "..." search starts here:
#include <...> search starts here:
 /home/ytr/.local/usr/include/c++/12
 /home/ytr/.local/usr/include/x86_64-linux-gnu/c++/12
 /home/ytr/.local/usr/include/c++/12/backward
 /home/ytr/.local/usr/lib/gcc/x86_64-linux-gnu/12/include
 /usr/local/include
 /usr/include/x86_64-linux-gnu
 /usr/include
End of search list.
GNU C++17 (Ubuntu 12.3.0-1ubuntu1~22.04.3) version 12.3.0 (x86_64-linux-gnu)
	compiled by GNU C version 12.3.0, GMP version 6.2.1, MPFR version 4.1.0, MPC version 1.2.1, isl version isl-0.24-GMP

GGC heuristics: --param ggc-min-expand=100 --param ggc-min-heapsize=131072
Compiler executable checksum: c10ddf8ebdf2c305adc34ed4a12c969e
COLLECT_GCC_OPTIONS='-v' '-o' 'CMakeFiles/cmTC_32a15.dir/CMakeCXXCompilerABI.cpp.o' '-c' '-shared-libgcc' '-mtune=generic' '-march=x86-64' '-dumpdir' 'CMakeFiles/cmTC_32a15.dir/'
 as -v --64 -o CMakeFiles/cmTC_32a15.dir/CMakeCXXCompilerABI.cpp.o /tmp/ccKLHmCd.s
GNU assembler version 2.38 (x86_64-linux-gnu) using BFD version (GNU Binutils for Ubuntu) 2.38
COMPILER_PATH=/home/ytr/.local/usr/bin/../lib/gcc/x86_64-linux-gnu/12/:/home/ytr/.local/usr/bin/../lib/gcc/x86_64-linux-gnu/:/home/ytr/.local/usr/bin/../lib/gcc/
LIBRARY_PATH=/home/ytr/.local/usr/bin/../lib/gcc/x86_64-linux-gnu/12/:/home/ytr/.local/usr/bin/../lib/gcc/x86_64-linux-gnu/:/home/ytr/.local/usr/bin/../lib/gcc/:/home/ytr/.local/usr/bin/../lib/gcc/x86_64-linux-gnu/12/../../../x86_64-linux-gnu/:/home/ytr/.local/usr/bin/../lib/gcc/x86_64-linux-gnu/12/../../../../lib/:/lib/x86_64-linux-gnu/:/lib/../lib/:/usr/lib/x86_64-linux-gnu/:/usr/lib/../lib/:/home/ytr/.local/usr/bin/../lib/gcc/x86_64-linux-gnu/12/../../../:/lib/:/usr/lib/
COLLECT_GCC_OPTIONS='-v' '-o' 'CMakeFiles/cmTC_32a15.dir/CMakeCXXCompilerABI.cpp.o' '-c' '-shared-libgcc' '-mtune=generic' '-march=x86-64' '-dumpdir' 'CMakeFiles/cmTC_32a15.dir/CMakeCXXCompilerABI.cpp.'
Linking CXX executable cmTC_32a15
/usr/bin/cmake -E cmake_link_script CMakeFiles/cmTC_32a15.dir/link.txt --verbose=1
/home/ytr/.local/bin/g++  -v CMakeFiles/cmTC_32a15.dir/CMakeCXXCompilerABI.cpp.o -o cmTC_32a15 
Using built-in specs.
COLLECT_GCC=/home/ytr/.local/bin/g++
COLLECT_LTO_WRAPPER=/home/ytr/.local/usr/bin/../lib/gcc/x86_64-linux-gnu/12/lto-wrapper
OFFLOAD_TARGET_NAMES=nvptx-none:amdgcn-amdhsa
OFFLOAD_TARGET_DEFAULT=1
Target: x86_64-linux-gnu
Configured with: ../src/configure -v --with-pkgversion='Ubuntu 12.3.0-1ubuntu1~22.04.3' --with-bugurl=file:///usr/share/doc/gcc-12/README.Bugs --enable-languages=c,ada,c++,go,d,fortran,objc,obj-c++,m2 --prefix=/usr --with-gcc-major-version-only --program-suffix=-12 --program-prefix=x86_64-linux-gnu- --enable-shared --enable-linker-build-id --libexecdir=/usr/lib --without-included-gettext --enable-threads=posix --libdir=/usr/lib --enable-nls --enable-clocale=gnu --enable-libstdcxx-debug --enable-libstdcxx-time=yes --with-default-libstdcxx-abi=new --enable-gnu-unique-object --disable-vtable-verify --enable-plugin --enable-default-pie --with-system-zlib --enable-libphobos-checking=release --with-target-system-zlib=auto --enable-objc-gc=auto --enable-multiarch --disable-werror --enable-cet --with-arch-32=i686 --with-abi=m64 --with-multilib-list=m32,m64,mx32 --enable-multilib --with-tune=generic --enable-offload-targets=nvptx-none=/build/gcc-12-YswQCa/gcc-12-12.3.0/debian/tmp-nvptx/usr,amdgcn-amdhsa=/build/gcc-12-YswQCa/gcc-12-12.3.0/debian/tmp-gcn/usr --enable-offload-defaulted --without-cuda-driver --enable-checking=release --build=x86_64-linux-gnu --host=x86_64-linux-gnu --target=x86_64-linux-gnu
Thread model: posix
Supported LTO compression algorithms: zlib zstd
gcc version 12.3.0 (Ubuntu 12.3.0-1ubuntu1~22.04.3) 
COMPILER_PATH=/home/ytr/.local/usr/bin/../lib/gcc/x86_64-linux-gnu/12/:/home/ytr/.local/usr/bin/../lib/gcc/x86_64-linux-gnu/:/home/ytr/.local/usr/bin/../lib/gcc/
LIBRARY_PATH=/home/ytr/.local/usr/bin/../lib/gcc/x86_64-linux-gnu/12/:/home/ytr/.local/usr/bin/../lib/gcc/x86_64-linux-gnu/:/home/ytr/.local/usr/bin/../lib/gcc/:/home/ytr/.local/usr/bin/../lib/gcc/x86_64-linux-gnu/12/../../../x86_64-linux-gnu/:/home/ytr/.local/usr/bin/../lib/gcc/x86_64-linux-gnu/12/../../../../lib/:/lib/x86_64-linux-gnu/:/lib/../lib/:/usr/lib/x86_64-linux-gnu/:/usr/lib/../lib/:/home/ytr/.local/usr/bin/../lib/gcc/x86_64-linux-gnu/12/../../../:/lib/:/usr/lib/
COLLECT_GCC_OPTIONS='-v' '-o' 'cmTC_32a15' '-shared-libgcc' '-mtune=generic' '-march=x86-64' '-dumpdir' 'cmTC_32a15.'
 /home/ytr/.local/usr/bin/../lib/gcc/x86_64-linux-gnu/12/collect2 -plugin /home/ytr/.local/usr/bin/../lib/gcc/x86_64-linux-gnu/12/liblto_plugin.so -plugin-opt=/home/ytr/.local/usr/bin/../lib/gcc/x86_64-linux-gnu/12/lto-wrapper -plugin-opt=-fresolution=/tmp/ccccSpLI.res -plugin-opt=-pass-through=-lgcc_s -plugin-opt=-pass-through=-lgcc -plugin-opt=-pass-through=-lc -plugin-opt=-pass-through=-lgcc_s -plugin-opt=-pass-through=-lgcc --build-id --eh-frame-hdr -m elf_x86_64 --hash-style=gnu --as-needed -dynamic-linker /lib64/ld-linux-x86-64.so.2 -pie -z now -z relro -o cmTC_32a15 /home/ytr/.local/usr/bin/../lib/gcc/x86_64-linux-gnu/12/../../../x86_64-linux-gnu/Scrt1.o /home/ytr/.local/usr/bin/../lib/gcc/x86_64-linux-gnu/12/../../../x86_64-linux-gnu/crti.o /home/ytr/.local/usr/bin/../lib/gcc/x86_64-linux-gnu/12/crtbeginS.o -L/home/ytr/.local/usr/bin/../lib/gcc/x86_64-linux-gnu/12 -L/home/ytr/.local/usr/bin/../lib/gcc/x86_64-linux-gnu -L/home/ytr/.local/usr/bin/../lib/gcc -L/home/ytr/.local/usr/bin/../lib/gcc/x86_64-linux-gnu/12/../../../x86_64-linux-gnu -L/home/ytr/.local/usr/bin/../lib/gcc/x86_64-linux-gnu/12/../../../../lib -L/lib/x86_64-linux-gnu -L/lib/../lib -L/usr/lib/x86_64-linux-gnu -L/usr/lib/../lib -L/home/ytr/.local/usr/bin/../lib/gcc/x86_64-linux-gnu/12/../../.. CMakeFiles/cmTC_32a15.dir/CMakeCXXCompilerABI.cpp.o -lstdc++ -lm -lgcc_s -lgcc -lc -lgcc_s -lgcc /home/ytr/.local/usr/bin/../lib/gcc/x86_64-linux-gnu/12/crtendS.o /home/ytr/.local/usr/bin/../lib/gcc/x86_64-linux-gnu/12/../../../x86_64-linux-gnu/crtn.o
COLLECT_GCC_OPTIONS='-v' '-o' 'cmTC_32a15' '-shared-libgcc' '-mtune=generic' '-march=x86-64' '-dumpdir' 'cmTC_32a15.'
gmake[1]: Leaving directory '/home/ytr/dev_ws/build_3d/robocon2027_gazebo/CMakeFiles/CMakeTmp'



Parsed CXX implicit include dir info from above output: rv=done
  found start of include info
  found start of implicit include info
    add: [/home/ytr/.local/usr/include/c++/12]
    add: [/home/ytr/.local/usr/include/x86_64-linux-gnu/c++/12]
    add: [/home/ytr/.local/usr/include/c++/12/backward]
    add: [/home/ytr/.local/usr/lib/gcc/x86_64-linux-gnu/12/include]
    add: [/usr/local/include]
    add: [/usr/include/x86_64-linux-gnu]
    add: [/usr/include]
  end of search list found
  collapse include dir [/home/ytr/.local/usr/include/c++/12] ==> [/home/ytr/.local/usr/include/c++/12]
  collapse include dir [/home/ytr/.local/usr/include/x86_64-linux-gnu/c++/12] ==> [/home/ytr/.local/usr/include/x86_64-linux-gnu/c++/12]
  collapse include dir [/home/ytr/.local/usr/include/c++/12/backward] ==> [/home/ytr/.local/usr/include/c++/12/backward]
  collapse include dir [/home/ytr/.local/usr/lib/gcc/x86_64-linux-gnu/12/include] ==> [/home/ytr/.local/usr/lib/gcc/x86_64-linux-gnu/12/include]
  collapse include dir [/usr/local/include] ==> [/usr/local/include]
  collapse include dir [/usr/include/x86_64-linux-gnu] ==> [/usr/include/x86_64-linux-gnu]
  collapse include dir [/usr/include] ==> [/usr/include]
  implicit include dirs: [/home/ytr/.local/usr/include/c++/12;/home/ytr/.local/usr/include/x86_64-linux-gnu/c++/12;/home/ytr/.local/usr/include/c++/12/backward;/home/ytr/.local/usr/lib/gcc/x86_64-linux-gnu/12/include;/usr/local/include;/usr/include/x86_64-linux-gnu;/usr/include]


Parsed CXX implicit link information from above output:
  link line regex: [^( *|.*[/\])(ld|CMAKE_LINK_STARTFILE-NOTFOUND|([^/\]+-)?ld|collect2)[^/\]*( |$)]
  ignore line: [Change Dir: /home/ytr/dev_ws/build_3d/robocon2027_gazebo/CMakeFiles/CMakeTmp]
  ignore line: []
  ignore line: [Run Build Command(s):/usr/bin/gmake -f Makefile cmTC_32a15/fast && /usr/bin/gmake  -f CMakeFiles/cmTC_32a15.dir/build.make CMakeFiles/cmTC_32a15.dir/build]
  ignore line: [gmake[1]: Entering directory '/home/ytr/dev_ws/build_3d/robocon2027_gazebo/CMakeFiles/CMakeTmp']
  ignore line: [Building CXX object CMakeFiles/cmTC_32a15.dir/CMakeCXXCompilerABI.cpp.o]
  ignore line: [/home/ytr/.local/bin/g++   -v -o CMakeFiles/cmTC_32a15.dir/CMakeCXXCompilerABI.cpp.o -c /usr/share/cmake-3.22/Modules/CMakeCXXCompilerABI.cpp]
  ignore line: [Using built-in specs.]
  ignore line: [COLLECT_GCC=/home/ytr/.local/bin/g++]
  ignore line: [OFFLOAD_TARGET_NAMES=nvptx-none:amdgcn-amdhsa]
  ignore line: [OFFLOAD_TARGET_DEFAULT=1]
  ignore line: [Target: x86_64-linux-gnu]
  ignore line: [Configured with: ../src/configure -v --with-pkgversion='Ubuntu 12.3.0-1ubuntu1~22.04.3' --with-bugurl=file:///usr/share/doc/gcc-12/README.Bugs --enable-languages=c ada c++ go d fortran objc obj-c++ m2 --prefix=/usr --with-gcc-major-version-only --program-suffix=-12 --program-prefix=x86_64-linux-gnu- --enable-shared --enable-linker-build-id --libexecdir=/usr/lib --without-included-gettext --enable-threads=posix --libdir=/usr/lib --enable-nls --enable-clocale=gnu --enable-libstdcxx-debug --enable-libstdcxx-time=yes --with-default-libstdcxx-abi=new --enable-gnu-unique-object --disable-vtable-verify --enable-plugin --enable-default-pie --with-system-zlib --enable-libphobos-checking=release --with-target-system-zlib=auto --enable-objc-gc=auto --enable-multiarch --disable-werror --enable-cet --with-arch-32=i686 --with-abi=m64 --with-multilib-list=m32 m64 mx32 --enable-multilib --with-tune=generic --enable-offload-targets=nvptx-none=/build/gcc-12-YswQCa/gcc-12-12.3.0/debian/tmp-nvptx/usr amdgcn-amdhsa=/build/gcc-12-YswQCa/gcc-12-12.3.0/debian/tmp-gcn/usr --enable-offload-defaulted --without-cuda-driver --enable-checking=release --build=x86_64-linux-gnu --host=x86_64-linux-gnu --target=x86_64-linux-gnu]
  ignore line: [Thread model: posix]
  ignore line: [Supported LTO compression algorithms: zlib zstd]
  ignore line: [gcc version 12.3.0 (Ubuntu 12.3.0-1ubuntu1~22.04.3) ]
  ignore line: [COLLECT_GCC_OPTIONS='-v' '-o' 'CMakeFiles/cmTC_32a15.dir/CMakeCXXCompilerABI.cpp.o' '-c' '-shared-libgcc' '-mtune=generic' '-march=x86-64' '-dumpdir' 'CMakeFiles/cmTC_32a15.dir/']
  ignore line: [ /home/ytr/.local/usr/bin/../lib/gcc/x86_64-linux-gnu/12/cc1plus -quiet -v -imultiarch x86_64-linux-gnu -iprefix /home/ytr/.local/usr/bin/../lib/gcc/x86_64-linux-gnu/12/ -D_GNU_SOURCE /usr/share/cmake-3.22/Modules/CMakeCXXCompilerABI.cpp -quiet -dumpdir CMakeFiles/cmTC_32a15.dir/ -dumpbase CMakeCXXCompilerABI.cpp.cpp -dumpbase-ext .cpp -mtune=generic -march=x86-64 -version -fasynchronous-unwind-tables -fstack-protector-strong -Wformat -Wformat-security -fstack-clash-protection -fcf-protection -o /tmp/ccKLHmCd.s]
  ignore line: [GNU C++17 (Ubuntu 12.3.0-1ubuntu1~22.04.3) version 12.3.0 (x86_64-linux-gnu)]
  ignore line: [	compiled by GNU C version 12.3.0  GMP version 6.2.1  MPFR version 4.1.0  MPC version 1.2.1  isl version isl-0.24-GMP]
  ignore line: []
  ignore line: [GGC heuristics: --param ggc-min-expand=100 --param ggc-min-heapsize=131072]
  ignore line: [ignoring nonexistent directory "/home/ytr/.local/usr/bin/../lib/gcc/x86_64-linux-gnu/12/../../../../include/x86_64-linux-gnu/c++/12/x86_64-linux-gnu"]
  ignore line: [ignoring nonexistent directory "/home/ytr/.local/usr/bin/../lib/gcc/x86_64-linux-gnu/12/include-fixed"]
  ignore line: [ignoring nonexistent directory "/home/ytr/.local/usr/bin/../lib/gcc/x86_64-linux-gnu/12/../../../../x86_64-linux-gnu/include"]
  ignore line: [ignoring duplicate directory "/home/ytr/.local/usr/include/c++/12"]
  ignore line: [ignoring duplicate directory "/home/ytr/.local/usr/include/x86_64-linux-gnu/c++/12"]
  ignore line: [ignoring duplicate directory "/home/ytr/.local/usr/include/x86_64-linux-gnu/c++/12"]
  ignore line: [ignoring duplicate directory "/home/ytr/.local/usr/include/c++/12/backward"]
  ignore line: [ignoring duplicate directory "/home/ytr/.local/usr/lib/gcc/x86_64-linux-gnu/12/include"]
  ignore line: [ignoring nonexistent directory "/usr/local/include/x86_64-linux-gnu"]
  ignore line: [ignoring nonexistent directory "/home/ytr/.local/usr/bin/../lib/gcc/../../lib/gcc/x86_64-linux-gnu/12/include-fixed"]
  ignore line: [ignoring nonexistent directory "/home/ytr/.local/usr/bin/../lib/gcc/../../lib/gcc/x86_64-linux-gnu/12/../../../../x86_64-linux-gnu/include"]
  ignore line: [#include "..." search starts here:]
  ignore line: [#include <...> search starts here:]
  ignore line: [ /home/ytr/.local/usr/include/c++/12]
  ignore line: [ /home/ytr/.local/usr/include/x86_64-linux-gnu/c++/12]
  ignore line: [ /home/ytr/.local/usr/include/c++/12/backward]
  ignore line: [ /home/ytr/.local/usr/lib/gcc/x86_64-linux-gnu/12/include]
  ignore line: [ /usr/local/include]
  ignore line: [ /usr/include/x86_64-linux-gnu]
  ignore line: [ /usr/include]
  ignore line: [End of search list.]
  ignore line: [GNU C++17 (Ubuntu 12.3.0-1ubuntu1~22.04.3) version 12.3.0 (x86_64-linux-gnu)]
  ignore line: [	compiled by GNU C version 12.3.0  GMP version 6.2.1  MPFR version 4.1.0  MPC version 1.2.1  isl version isl-0.24-GMP]
  ignore line: []
  ignore line: [GGC heuristics: --param ggc-min-expand=100 --param ggc-min-heapsize=131072]
  ignore line: [Compiler executable checksum: c10ddf8ebdf2c305adc34ed4a12c969e]
  ignore line: [COLLECT_GCC_OPTIONS='-v' '-o' 'CMakeFiles/cmTC_32a15.dir/CMakeCXXCompilerABI.cpp.o' '-c' '-shared-libgcc' '-mtune=generic' '-march=x86-64' '-dumpdir' 'CMakeFiles/cmTC_32a15.dir/']
  ignore line: [ as -v --64 -o CMakeFiles/cmTC_32a15.dir/CMakeCXXCompilerABI.cpp.o /tmp/ccKLHmCd.s]
  ignore line: [GNU assembler version 2.38 (x86_64-linux-gnu) using BFD version (GNU Binutils for Ubuntu) 2.38]
  ignore line: [COMPILER_PATH=/home/ytr/.local/usr/bin/../lib/gcc/x86_64-linux-gnu/12/:/home/ytr/.local/usr/bin/../lib/gcc/x86_64-linux-gnu/:/home/ytr/.local/usr/bin/../lib/gcc/]
  ignore line: [LIBRARY_PATH=/home/ytr/.local/usr/bin/../lib/gcc/x86_64-linux-gnu/12/:/home/ytr/.local/usr/bin/../lib/gcc/x86_64-linux-gnu/:/home/ytr/.local/usr/bin/../lib/gcc/:/home/ytr/.local/usr/bin/../lib/gcc/x86_64-linux-gnu/12/../../../x86_64-linux-gnu/:/home/ytr/.local/usr/bin/../lib/gcc/x86_64-linux-gnu/12/../../../../lib/:/lib/x86_64-linux-gnu/:/lib/../lib/:/usr/lib/x86_64-linux-gnu/:/usr/lib/../lib/:/home/ytr/.local/usr/bin/../lib/gcc/x86_64-linux-gnu/12/../../../:/lib/:/usr/lib/]
  ignore line: [COLLECT_GCC_OPTIONS='-v' '-o' 'CMakeFiles/cmTC_32a15.dir/CMakeCXXCompilerABI.cpp.o' '-c' '-shared-libgcc' '-mtune=generic' '-march=x86-64' '-dumpdir' 'CMakeFiles/cmTC_32a15.dir/CMakeCXXCompilerABI.cpp.']
  ignore line: [Linking CXX executable cmTC_32a15]
  ignore line: [/usr/bin/cmake -E cmake_link_script CMakeFiles/cmTC_32a15.dir/link.txt --verbose=1]
  ignore line: [/home/ytr/.local/bin/g++  -v CMakeFiles/cmTC_32a15.dir/CMakeCXXCompilerABI.cpp.o -o cmTC_32a15 ]
  ignore line: [Using built-in specs.]
  ignore line: [COLLECT_GCC=/home/ytr/.local/bin/g++]
  ignore line: [COLLECT_LTO_WRAPPER=/home/ytr/.local/usr/bin/../lib/gcc/x86_64-linux-gnu/12/lto-wrapper]
  ignore line: [OFFLOAD_TARGET_NAMES=nvptx-none:amdgcn-amdhsa]
  ignore line: [OFFLOAD_TARGET_DEFAULT=1]
  ignore line: [Target: x86_64-linux-gnu]
  ignore line: [Configured with: ../src/configure -v --with-pkgversion='Ubuntu 12.3.0-1ubuntu1~22.04.3' --with-bugurl=file:///usr/share/doc/gcc-12/README.Bugs --enable-languages=c ada c++ go d fortran objc obj-c++ m2 --prefix=/usr --with-gcc-major-version-only --program-suffix=-12 --program-prefix=x86_64-linux-gnu- --enable-shared --enable-linker-build-id --libexecdir=/usr/lib --without-included-gettext --enable-threads=posix --libdir=/usr/lib --enable-nls --enable-clocale=gnu --enable-libstdcxx-debug --enable-libstdcxx-time=yes --with-default-libstdcxx-abi=new --enable-gnu-unique-object --disable-vtable-verify --enable-plugin --enable-default-pie --with-system-zlib --enable-libphobos-checking=release --with-target-system-zlib=auto --enable-objc-gc=auto --enable-multiarch --disable-werror --enable-cet --with-arch-32=i686 --with-abi=m64 --with-multilib-list=m32 m64 mx32 --enable-multilib --with-tune=generic --enable-offload-targets=nvptx-none=/build/gcc-12-YswQCa/gcc-12-12.3.0/debian/tmp-nvptx/usr amdgcn-amdhsa=/build/gcc-12-YswQCa/gcc-12-12.3.0/debian/tmp-gcn/usr --enable-offload-defaulted --without-cuda-driver --enable-checking=release --build=x86_64-linux-gnu --host=x86_64-linux-gnu --target=x86_64-linux-gnu]
  ignore line: [Thread model: posix]
  ignore line: [Supported LTO compression algorithms: zlib zstd]
  ignore line: [gcc version 12.3.0 (Ubuntu 12.3.0-1ubuntu1~22.04.3) ]
  ignore line: [COMPILER_PATH=/home/ytr/.local/usr/bin/../lib/gcc/x86_64-linux-gnu/12/:/home/ytr/.local/usr/bin/../lib/gcc/x86_64-linux-gnu/:/home/ytr/.local/usr/bin/../lib/gcc/]
  ignore line: [LIBRARY_PATH=/home/ytr/.local/usr/bin/../lib/gcc/x86_64-linux-gnu/12/:/home/ytr/.local/usr/bin/../lib/gcc/x86_64-linux-gnu/:/home/ytr/.local/usr/bin/../lib/gcc/:/home/ytr/.local/usr/bin/../lib/gcc/x86_64-linux-gnu/12/../../../x86_64-linux-gnu/:/home/ytr/.local/usr/bin/../lib/gcc/x86_64-linux-gnu/12/../../../../lib/:/lib/x86_64-linux-gnu/:/lib/../lib/:/usr/lib/x86_64-linux-gnu/:/usr/lib/../lib/:/home/ytr/.local/usr/bin/../lib/gcc/x86_64-linux-gnu/12/../../../:/lib/:/usr/lib/]
  ignore line: [COLLECT_GCC_OPTIONS='-v' '-o' 'cmTC_32a15' '-shared-libgcc' '-mtune=generic' '-march=x86-64' '-dumpdir' 'cmTC_32a15.']
  link line: [ /home/ytr/.local/usr/bin/../lib/gcc/x86_64-linux-gnu/12/collect2 -plugin /home/ytr/.local/usr/bin/../lib/gcc/x86_64-linux-gnu/12/liblto_plugin.so -plugin-opt=/home/ytr/.local/usr/bin/../lib/gcc/x86_64-linux-gnu/12/lto-wrapper -plugin-opt=-fresolution=/tmp/ccccSpLI.res -plugin-opt=-pass-through=-lgcc_s -plugin-opt=-pass-through=-lgcc -plugin-opt=-pass-through=-lc -plugin-opt=-pass-through=-lgcc_s -plugin-opt=-pass-through=-lgcc --build-id --eh-frame-hdr -m elf_x86_64 --hash-style=gnu --as-needed -dynamic-linker /lib64/ld-linux-x86-64.so.2 -pie -z now -z relro -o cmTC_32a15 /home/ytr/.local/usr/bin/../lib/gcc/x86_64-linux-gnu/12/../../../x86_64-linux-gnu/Scrt1.o /home/ytr/.local/usr/bin/../lib/gcc/x86_64-linux-gnu/12/../../../x86_64-linux-gnu/crti.o /home/ytr/.local/usr/bin/../lib/gcc/x86_64-linux-gnu/12/crtbeginS.o -L/home/ytr/.local/usr/bin/../lib/gcc/x86_64-linux-gnu/12 -L/home/ytr/.local/usr/bin/../lib/gcc/x86_64-linux-gnu -L/home/ytr/.local/usr/bin/../lib/gcc -L/home/ytr/.local/usr/bin/../lib/gcc/x86_64-linux-gnu/12/../../../x86_64-linux-gnu -L/home/ytr/.local/usr/bin/../lib/gcc/x86_64-linux-gnu/12/../../../../lib -L/lib/x86_64-linux-gnu -L/lib/../lib -L/usr/lib/x86_64-linux-gnu -L/usr/lib/../lib -L/home/ytr/.local/usr/bin/../lib/gcc/x86_64-linux-gnu/12/../../.. CMakeFiles/cmTC_32a15.dir/CMakeCXXCompilerABI.cpp.o -lstdc++ -lm -lgcc_s -lgcc -lc -lgcc_s -lgcc /home/ytr/.local/usr/bin/../lib/gcc/x86_64-linux-gnu/12/crtendS.o /home/ytr/.local/usr/bin/../lib/gcc/x86_64-linux-gnu/12/../../../x86_64-linux-gnu/crtn.o]
    arg [/home/ytr/.local/usr/bin/../lib/gcc/x86_64-linux-gnu/12/collect2] ==> ignore
    arg [-plugin] ==> ignore
    arg [/home/ytr/.local/usr/bin/../lib/gcc/x86_64-linux-gnu/12/liblto_plugin.so] ==> ignore
    arg [-plugin-opt=/home/ytr/.local/usr/bin/../lib/gcc/x86_64-linux-gnu/12/lto-wrapper] ==> ignore
    arg [-plugin-opt=-fresolution=/tmp/ccccSpLI.res] ==> ignore
    arg [-plugin-opt=-pass-through=-lgcc_s] ==> ignore
    arg [-plugin-opt=-pass-through=-lgcc] ==> ignore
    arg [-plugin-opt=-pass-through=-lc] ==> ignore
    arg [-plugin-opt=-pass-through=-lgcc_s] ==> ignore
    arg [-plugin-opt=-pass-through=-lgcc] ==> ignore
    arg [--build-id] ==> ignore
    arg [--eh-frame-hdr] ==> ignore
    arg [-m] ==> ignore
    arg [elf_x86_64] ==> ignore
    arg [--hash-style=gnu] ==> ignore
    arg [--as-needed] ==> ignore
    arg [-dynamic-linker] ==> ignore
    arg [/lib64/ld-linux-x86-64.so.2] ==> ignore
    arg [-pie] ==> ignore
    arg [-znow] ==> ignore
    arg [-zrelro] ==> ignore
    arg [-o] ==> ignore
    arg [cmTC_32a15] ==> ignore
    arg [/home/ytr/.local/usr/bin/../lib/gcc/x86_64-linux-gnu/12/../../../x86_64-linux-gnu/Scrt1.o] ==> obj [/home/ytr/.local/usr/bin/../lib/gcc/x86_64-linux-gnu/12/../../../x86_64-linux-gnu/Scrt1.o]
    arg [/home/ytr/.local/usr/bin/../lib/gcc/x86_64-linux-gnu/12/../../../x86_64-linux-gnu/crti.o] ==> obj [/home/ytr/.local/usr/bin/../lib/gcc/x86_64-linux-gnu/12/../../../x86_64-linux-gnu/crti.o]
    arg [/home/ytr/.local/usr/bin/../lib/gcc/x86_64-linux-gnu/12/crtbeginS.o] ==> obj [/home/ytr/.local/usr/bin/../lib/gcc/x86_64-linux-gnu/12/crtbeginS.o]
    arg [-L/home/ytr/.local/usr/bin/../lib/gcc/x86_64-linux-gnu/12] ==> dir [/home/ytr/.local/usr/bin/../lib/gcc/x86_64-linux-gnu/12]
    arg [-L/home/ytr/.local/usr/bin/../lib/gcc/x86_64-linux-gnu] ==> dir [/home/ytr/.local/usr/bin/../lib/gcc/x86_64-linux-gnu]
    arg [-L/home/ytr/.local/usr/bin/../lib/gcc] ==> dir [/home/ytr/.local/usr/bin/../lib/gcc]
    arg [-L/home/ytr/.local/usr/bin/../lib/gcc/x86_64-linux-gnu/12/../../../x86_64-linux-gnu] ==> dir [/home/ytr/.local/usr/bin/../lib/gcc/x86_64-linux-gnu/12/../../../x86_64-linux-gnu]
    arg [-L/home/ytr/.local/usr/bin/../lib/gcc/x86_64-linux-gnu/12/../../../../lib] ==> dir [/home/ytr/.local/usr/bin/../lib/gcc/x86_64-linux-gnu/12/../../../../lib]
    arg [-L/lib/x86_64-linux-gnu] ==> dir [/lib/x86_64-linux-gnu]
    arg [-L/lib/../lib] ==> dir [/lib/../lib]
    arg [-L/usr/lib/x86_64-linux-gnu] ==> dir [/usr/lib/x86_64-linux-gnu]
    arg [-L/usr/lib/../lib] ==> dir [/usr/lib/../lib]
    arg [-L/home/ytr/.local/usr/bin/../lib/gcc/x86_64-linux-gnu/12/../../..] ==> dir [/home/ytr/.local/usr/bin/../lib/gcc/x86_64-linux-gnu/12/../../..]
    arg [CMakeFiles/cmTC_32a15.dir/CMakeCXXCompilerABI.cpp.o] ==> ignore
    arg [-lstdc++] ==> lib [stdc++]
    arg [-lm] ==> lib [m]
    arg [-lgcc_s] ==> lib [gcc_s]
    arg [-lgcc] ==> lib [gcc]
    arg [-lc] ==> lib [c]
    arg [-lgcc_s] ==> lib [gcc_s]
    arg [-lgcc] ==> lib [gcc]
    arg [/home/ytr/.local/usr/bin/../lib/gcc/x86_64-linux-gnu/12/crtendS.o] ==> obj [/home/ytr/.local/usr/bin/../lib/gcc/x86_64-linux-gnu/12/crtendS.o]
    arg [/home/ytr/.local/usr/bin/../lib/gcc/x86_64-linux-gnu/12/../../../x86_64-linux-gnu/crtn.o] ==> obj [/home/ytr/.local/usr/bin/../lib/gcc/x86_64-linux-gnu/12/../../../x86_64-linux-gnu/crtn.o]
  collapse obj [/home/ytr/.local/usr/bin/../lib/gcc/x86_64-linux-gnu/12/../../../x86_64-linux-gnu/Scrt1.o] ==> [/home/ytr/.local/usr/lib/x86_64-linux-gnu/Scrt1.o]
  collapse obj [/home/ytr/.local/usr/bin/../lib/gcc/x86_64-linux-gnu/12/../../../x86_64-linux-gnu/crti.o] ==> [/home/ytr/.local/usr/lib/x86_64-linux-gnu/crti.o]
  collapse obj [/home/ytr/.local/usr/bin/../lib/gcc/x86_64-linux-gnu/12/crtbeginS.o] ==> [/home/ytr/.local/usr/lib/gcc/x86_64-linux-gnu/12/crtbeginS.o]
  collapse obj [/home/ytr/.local/usr/bin/../lib/gcc/x86_64-linux-gnu/12/crtendS.o] ==> [/home/ytr/.local/usr/lib/gcc/x86_64-linux-gnu/12/crtendS.o]
  collapse obj [/home/ytr/.local/usr/bin/../lib/gcc/x86_64-linux-gnu/12/../../../x86_64-linux-gnu/crtn.o] ==> [/home/ytr/.local/usr/lib/x86_64-linux-gnu/crtn.o]
  collapse library dir [/home/ytr/.local/usr/bin/../lib/gcc/x86_64-linux-gnu/12] ==> [/home/ytr/.local/usr/lib/gcc/x86_64-linux-gnu/12]
  collapse library dir [/home/ytr/.local/usr/bin/../lib/gcc/x86_64-linux-gnu] ==> [/home/ytr/.local/usr/lib/gcc/x86_64-linux-gnu]
  collapse library dir [/home/ytr/.local/usr/bin/../lib/gcc] ==> [/home/ytr/.local/usr/lib/gcc]
  collapse library dir [/home/ytr/.local/usr/bin/../lib/gcc/x86_64-linux-gnu/12/../../../x86_64-linux-gnu] ==> [/home/ytr/.local/usr/lib/x86_64-linux-gnu]
  collapse library dir [/home/ytr/.local/usr/bin/../lib/gcc/x86_64-linux-gnu/12/../../../../lib] ==> [/home/ytr/.local/usr/lib]
  collapse library dir [/lib/x86_64-linux-gnu] ==> [/lib/x86_64-linux-gnu]
  collapse library dir [/lib/../lib] ==> [/lib]
  collapse library dir [/usr/lib/x86_64-linux-gnu] ==> [/usr/lib/x86_64-linux-gnu]
  collapse library dir [/usr/lib/../lib] ==> [/usr/lib]
  collapse library dir [/home/ytr/.local/usr/bin/../lib/gcc/x86_64-linux-gnu/12/../../..] ==> [/home/ytr/.local/usr/lib]
  implicit libs: [stdc++;m;gcc_s;gcc;c;gcc_s;gcc]
  implicit objs: [/home/ytr/.local/usr/lib/x86_64-linux-gnu/Scrt1.o;/home/ytr/.local/usr/lib/x86_64-linux-gnu/crti.o;/home/ytr/.local/usr/lib/gcc/x86_64-linux-gnu/12/crtbeginS.o;/home/ytr/.local/usr/lib/gcc/x86_64-linux-gnu/12/crtendS.o;/home/ytr/.local/usr/lib/x86_64-linux-gnu/crtn.o]
  implicit dirs: [/home/ytr/.local/usr/lib/gcc/x86_64-linux-gnu/12;/home/ytr/.local/usr/lib/gcc/x86_64-linux-gnu;/home/ytr/.local/usr/lib/gcc;/home/ytr/.local/usr/lib/x86_64-linux-gnu;/home/ytr/.local/usr/lib;/lib/x86_64-linux-gnu;/lib;/usr/lib/x86_64-linux-gnu;/usr/lib]
  implicit fwks: []


Determining if the include file pthread.h exists passed with the following output:
Change Dir: /home/ytr/dev_ws/build_3d/robocon2027_gazebo/CMakeFiles/CMakeTmp

Run Build Command(s):/usr/bin/gmake -f Makefile cmTC_4badc/fast && /usr/bin/gmake  -f CMakeFiles/cmTC_4badc.dir/build.make CMakeFiles/cmTC_4badc.dir/build
gmake[1]: Entering directory '/home/ytr/dev_ws/build_3d/robocon2027_gazebo/CMakeFiles/CMakeTmp'
Building C object CMakeFiles/cmTC_4badc.dir/CheckIncludeFile.c.o
/home/ytr/.local/bin/cc    -o CMakeFiles/cmTC_4badc.dir/CheckIncludeFile.c.o -c /home/ytr/dev_ws/build_3d/robocon2027_gazebo/CMakeFiles/CMakeTmp/CheckIncludeFile.c
Linking C executable cmTC_4badc
/usr/bin/cmake -E cmake_link_script CMakeFiles/cmTC_4badc.dir/link.txt --verbose=1
/home/ytr/.local/bin/cc CMakeFiles/cmTC_4badc.dir/CheckIncludeFile.c.o -o cmTC_4badc 
gmake[1]: Leaving directory '/home/ytr/dev_ws/build_3d/robocon2027_gazebo/CMakeFiles/CMakeTmp'



Performing C SOURCE FILE Test CMAKE_HAVE_LIBC_PTHREAD succeeded with the following output:
Change Dir: /home/ytr/dev_ws/build_3d/robocon2027_gazebo/CMakeFiles/CMakeTmp

Run Build Command(s):/usr/bin/gmake -f Makefile cmTC_9ac65/fast && /usr/bin/gmake  -f CMakeFiles/cmTC_9ac65.dir/build.make CMakeFiles/cmTC_9ac65.dir/build
gmake[1]: Entering directory '/home/ytr/dev_ws/build_3d/robocon2027_gazebo/CMakeFiles/CMakeTmp'
Building C object CMakeFiles/cmTC_9ac65.dir/src.c.o
/home/ytr/.local/bin/cc -DCMAKE_HAVE_LIBC_PTHREAD   -o CMakeFiles/cmTC_9ac65.dir/src.c.o -c /home/ytr/dev_ws/build_3d/robocon2027_gazebo/CMakeFiles/CMakeTmp/src.c
Linking C executable cmTC_9ac65
/usr/bin/cmake -E cmake_link_script CMakeFiles/cmTC_9ac65.dir/link.txt --verbose=1
/home/ytr/.local/bin/cc CMakeFiles/cmTC_9ac65.dir/src.c.o -o cmTC_9ac65 
gmake[1]: Leaving directory '/home/ytr/dev_ws/build_3d/robocon2027_gazebo/CMakeFiles/CMakeTmp'


Source file was:
#include <pthread.h>

static void* test_func(void* data)
{
  return data;
}

int main(void)
{
  pthread_t thread;
  pthread_create(&thread, NULL, test_func, NULL);
  pthread_detach(thread);
  pthread_cancel(thread);
  pthread_join(thread, NULL);
  pthread_atfork(NULL, NULL, NULL);
  pthread_exit(NULL);

  return 0;
}

